// Jest Snapshot v1, https://goo.gl/fbAQLP

exports[`Screens/StockScreen should match snapshot 1`] = `
<BVLinearGradient
  colors={
    Array [
      4278190080,
      4286537200,
    ]
  }
  endPoint={
    Object {
      "x": 0.5,
      "y": 1,
    }
  }
  locations={null}
  startPoint={
    Object {
      "x": 0.5,
      "y": 0,
    }
  }
  style={
    Array [
      Object {
        "flexBasis": 0,
        "flexGrow": 1,
        "flexShrink": 1,
        "justifyContent": "space-between",
      },
    ]
  }
>
  <View
    style={
      Array [
        Object {
          "alignItems": "center",
          "flexDirection": "row",
          "justifyContent": "center",
          "marginTop": 8,
          "width": "100%",
        },
      ]
    }
  >
    <TextInput
      allowFontScaling={true}
      onChangeText={[Function]}
      placeholder=""
      rejectResponderTermination={true}
      style={
        Array [
          Object {
            "backgroundColor": "#fff",
            "borderBottomLeftRadius": 5,
            "borderTopLeftRadius": 5,
            "height": 50,
            "width": "80%",
          },
        ]
      }
      underlineColorAndroid="transparent"
      value=""
    />
    <View
      accessible={true}
      focusable={true}
      onClick={[Function]}
      onResponderGrant={[Function]}
      onResponderMove={[Function]}
      onResponderRelease={[Function]}
      onResponderTerminate={[Function]}
      onResponderTerminationRequest={[Function]}
      onStartShouldSetResponder={[Function]}
      style={
        Object {
          "alignItems": "center",
          "backgroundColor": "#fff",
          "borderBottomRightRadius": 5,
          "borderTopRightRadius": 5,
          "height": 50,
          "justifyContent": "center",
          "opacity": 1,
          "width": 50,
        }
      }
    >
      <Text
        allowFontScaling={false}
        style={
          Array [
            Object {
              "color": "#FFF",
              "fontSize": 20,
            },
            undefined,
            Object {
              "fontFamily": "FontAwesome",
              "fontStyle": "normal",
              "fontWeight": "normal",
            },
            Object {},
          ]
        }
      >
        
      </Text>
    </View>
  </View>
  <View
    style={
      Array [
        Object {
          "alignItems": "center",
        },
      ]
    }
  />
  <BVLinearGradient
    colors={
      Array [
        4278190080,
        4286537200,
      ]
    }
    endPoint={
      Object {
        "x": 0.5,
        "y": 1,
      }
    }
    locations={null}
    startPoint={
      Object {
        "x": 0.5,
        "y": 0,
      }
    }
    style={
      Array [
        Object {
          "borderTopLeftRadius": 10,
          "borderTopRightRadius": 10,
          "height": "15%",
          "justifyContent": "center",
          "width": "100%",
        },
      ]
    }
  >
    <Text
      style={
        Array [
          Object {
            "color": "#FFF",
            "textAlign": "center",
          },
        ]
      }
    >
      09/08/2021
    </Text>
    <Text
      style={
        Array [
          Object {
            "color": "#FFF",
            "fontSize": 14,
            "fontWeight": "bold",
            "textAlign": "center",
          },
        ]
      }
    >
      Saíba tudo sobre uma determina ação aqui.
    </Text>
  </BVLinearGradient>
</BVLinearGradient>
`
